// Jest Snapshot v1, https://goo.gl/fbAQLP

exports[`<SearchResultTile /> render renders loading tile if null search result 1`] = `
<Tile
  loadingHeight="13rem"
  tileClasses="result-tile"
/>
`;
