// Jest Snapshot v1, https://goo.gl/fbAQLP

exports[`<SearchOptionsInput /> renders correctly 1`] = `
<KanaConvertTypeInput
  kanaConvertType="hira"
  onChange={[Function]}
/>
`;
